1 1 OPTIMAL 0.01
6 3 OPTIMAL 0.0
12 4 OPTIMAL 0.0
15 6 OPTIMAL 0.0
18 7 OPTIMAL 0.01
20 8 OPTIMAL 0.0
24 10 OPTIMAL 0.01
28 11 OPTIMAL 0.01
30 12 OPTIMAL 0.0
33 14 OPTIMAL 0.01
35 15 OPTIMAL 0.01
36 16 OPTIMAL 0.01
40 17 OPTIMAL 0.01
42 18 OPTIMAL 0.01
48 19 OPTIMAL 0.01
52 21 OPTIMAL 0.01
54 22 OPTIMAL 0.01
55 24 OPTIMAL 0.01
56 25 OPTIMAL 0.01
60 26 OPTIMAL 0.01
63 27 OPTIMAL 0.01
72 28 OPTIMAL 0.01
75 30 OPTIMAL 0.02
76 32 OPTIMAL 0.02
77 33 OPTIMAL 0.01
78 34 OPTIMAL 0.11
80 35 OPTIMAL 0.02
85 37 OPTIMAL 0.03
88 38 OPTIMAL 0.01
90 39 OPTIMAL 0.02
95 40 OPTIMAL 0.01
96 42 OPTIMAL 0.02
100 43 OPTIMAL 0.02
102 44 OPTIMAL 0.02
104 46 OPTIMAL 0.02
108 47 OPTIMAL 0.01
110 48 OPTIMAL 0.02
114 49 OPTIMAL 0.01
115 51 OPTIMAL 0.04
119 53 OPTIMAL 0.06
120 54 OPTIMAL 0.04
126 55 OPTIMAL 0.02
130 56 OPTIMAL 0.01
132 57 OPTIMAL 0.01
135 58 OPTIMAL 0.02
138 59 OPTIMAL 0.02
143 60 OPTIMAL 0.03
144 62 OPTIMAL 0.04
145 63 OPTIMAL 0.03
150 64 OPTIMAL 0.03
152 65 OPTIMAL 0.02
153 66 OPTIMAL 0.02
154 67 OPTIMAL 0.02
155 69 OPTIMAL 0.06
160 70 OPTIMAL 0.03
161 72 OPTIMAL 0.05
162 73 OPTIMAL 0.05
168 74 OPTIMAL 0.13
171 75 OPTIMAL 0.06
174 77 OPTIMAL 0.13
175 78 OPTIMAL 0.06
180 79 OPTIMAL 0.06
182 80 OPTIMAL 0.04
187 81 OPTIMAL 0.12
189 82 OPTIMAL 0.05
190 83 OPTIMAL 0.05
192 85 OPTIMAL 0.22
195 86 OPTIMAL 0.04
196 88 OPTIMAL 0.3
198 89 OPTIMAL 0.08
200 90 OPTIMAL 0.05
204 91 OPTIMAL 0.03
207 92 OPTIMAL 0.03
209 93 OPTIMAL 0.06
210 94 OPTIMAL 0.09
220 95 OPTIMAL 0.14
221 96 OPTIMAL 0.08
222 98 OPTIMAL 0.34
224 99 OPTIMAL 0.07
228 101 OPTIMAL 0.2
231 102 OPTIMAL 0.09
234 103 OPTIMAL 0.06
235 105 OPTIMAL 0.42
238 106 OPTIMAL 0.13
240 107 OPTIMAL 0.09
245 108 OPTIMAL 0.14
246 110 OPTIMAL 0.22
248 112 OPTIMAL 0.29
252 113 OPTIMAL 0.07
253 114 OPTIMAL 0.06
255 115 OPTIMAL 0.12
260 116 OPTIMAL 0.07
261 117 OPTIMAL 0.09
266 118 OPTIMAL 0.09
270 120 OPTIMAL 0.33
272 121 OPTIMAL 0.06
275 123 OPTIMAL 0.3
276 124 OPTIMAL 0.09
280 125 OPTIMAL 0.08
285 126 OPTIMAL 0.08
286 127 OPTIMAL 0.04
287 129 OPTIMAL 0.15
288 130 OPTIMAL 0.06
294 131 OPTIMAL 0.08
296 133 OPTIMAL 0.55
299 134 OPTIMAL 0.07
300 135 OPTIMAL 0.13
301 137 OPTIMAL 0.5
304 138 OPTIMAL 0.12
305 139 OPTIMAL 0.2
306 140 OPTIMAL 0.15
308 141 OPTIMAL 0.09
312 143 OPTIMAL 0.68
319 144 OPTIMAL 0.06
320 145 OPTIMAL 0.13
322 147 OPTIMAL 0.5
324 148 OPTIMAL 0.18
325 149 OPTIMAL 0.06
329 150 OPTIMAL 0.06
330 151 OPTIMAL 0.06
336 152 OPTIMAL 0.05
340 153 OPTIMAL 0.14
341 154 OPTIMAL 0.15
342 155 OPTIMAL 0.19
344 156 OPTIMAL 0.08
345 157 OPTIMAL 0.14
350 158 OPTIMAL 0.16
351 159 OPTIMAL 0.16
357 160 OPTIMAL 0.41
360 161 OPTIMAL 0.21
363 163 OPTIMAL 1.22
368 164 OPTIMAL 0.16
369 165 OPTIMAL 0.22
371 168 OPTIMAL 3.71
374 169 OPTIMAL 0.28
375 171 OPTIMAL 0.43
377 172 OPTIMAL 0.56
378 173 OPTIMAL 0.16
380 174 OPTIMAL 0.12
384 176 OPTIMAL 0.46
387 177 OPTIMAL 0.12
390 178 OPTIMAL 0.16
391 179 OPTIMAL 0.19
392 180 OPTIMAL 0.42
396 181 OPTIMAL 0.12
399 182 OPTIMAL 0.15
402 185 OPTIMAL 1.43
403 186 OPTIMAL 0.25
405 187 OPTIMAL 0.16
406 188 OPTIMAL 0.12
408 189 OPTIMAL 0.23
410 190 OPTIMAL 0.14
413 193 OPTIMAL 4.12
414 194 OPTIMAL 0.14
416 195 OPTIMAL 0.13
420 196 OPTIMAL 0.14
423 197 OPTIMAL 0.28
424 198 OPTIMAL 0.14
427 199 OPTIMAL 0.54
429 200 OPTIMAL 0.16
432 202 OPTIMAL 1.6
435 203 OPTIMAL 0.21
437 204 OPTIMAL 0.15
441 205 OPTIMAL 0.23
442 206 OPTIMAL 0.25
444 208 OPTIMAL 0.55
450 209 OPTIMAL 0.17
455 210 OPTIMAL 0.33
456 211 OPTIMAL 0.24
460 212 OPTIMAL 0.29
462 213 OPTIMAL 0.2
465 214 OPTIMAL 0.7
468 215 OPTIMAL 0.66
470 216 OPTIMAL 0.33
473 217 OPTIMAL 0.17
475 218 OPTIMAL 0.16
477 219 OPTIMAL 0.62
480 220 OPTIMAL 0.79
483 221 OPTIMAL 0.38
486 222 OPTIMAL 0.52
490 223 OPTIMAL 0.53
493 224 OPTIMAL 0.52
494 225 OPTIMAL 0.8
496 226 OPTIMAL 0.39
497 228 OPTIMAL 8.24
500 229 OPTIMAL 0.66
504 230 OPTIMAL 0.39
510 231 OPTIMAL 1.79
511 234 OPTIMAL 15.0
513 235 OPTIMAL 0.66
516 236 OPTIMAL 1.14
517 237 OPTIMAL 1.6
518 238 OPTIMAL 0.61
520 239 OPTIMAL 0.29
522 240 OPTIMAL 0.38
527 242 OPTIMAL 2.36
528 243 OPTIMAL 0.58
530 245 OPTIMAL 1.91
531 246 OPTIMAL 0.4
532 247 OPTIMAL 0.34
535 250 OPTIMAL 5.05
539 251 OPTIMAL 0.96
540 252 OPTIMAL 0.77
544 253 OPTIMAL 0.39
546 254 OPTIMAL 0.33
549 256 OPTIMAL 5.01
551 257 OPTIMAL 0.53
555 258 OPTIMAL 1.0
560 259 OPTIMAL 0.97
561 260 OPTIMAL 1.26
564 261 OPTIMAL 0.63
567 262 OPTIMAL 0.59
568 263 OPTIMAL 1.21
570 264 OPTIMAL 0.38
572 265 OPTIMAL 1.17
574 266 OPTIMAL 0.26
575 268 OPTIMAL 2.38
576 269 OPTIMAL 0.25
580 270 OPTIMAL 0.36
581 272 OPTIMAL 5.18
582 274 OPTIMAL 1.46
585 275 OPTIMAL 0.31
588 276 OPTIMAL 0.22
589 277 OPTIMAL 0.61
592 278 OPTIMAL 0.26
594 279 OPTIMAL 0.32
595 280 OPTIMAL 0.32
598 281 OPTIMAL 0.58
600 282 OPTIMAL 0.35
603 283 OPTIMAL 0.79
605 284 OPTIMAL 0.55
608 285 OPTIMAL 0.77
609 286 OPTIMAL 0.45
610 287 OPTIMAL 0.52
612 288 OPTIMAL 0.72
615 289 OPTIMAL 0.84
616 290 OPTIMAL 0.48
621 291 OPTIMAL 0.46
623 293 OPTIMAL 4.8
624 294 OPTIMAL 1.27
627 295 OPTIMAL 0.52
630 296 OPTIMAL 0.39
632 297 OPTIMAL 1.85
636 298 OPTIMAL 1.65
637 299 OPTIMAL 0.89
638 300 OPTIMAL 3.58
639 301 OPTIMAL 0.87
640 302 OPTIMAL 2.03
644 303 OPTIMAL 0.67
645 305 OPTIMAL 5.26
646 306 OPTIMAL 0.7
649 309 OPTIMAL 9.6
651 310 OPTIMAL 1.25
656 311 OPTIMAL 0.6
657 313 OPTIMAL 3.72
658 314 OPTIMAL 0.25
660 315 OPTIMAL 0.28
664 316 OPTIMAL 0.29
665 317 OPTIMAL 0.28
667 318 OPTIMAL 0.63
670 319 OPTIMAL 0.77
671 320 OPTIMAL 1.03
672 321 OPTIMAL 0.64
676 323 OPTIMAL 9.85
680 324 OPTIMAL 1.7
684 325 OPTIMAL 0.66
685 328 OPTIMAL 14.64
690 329 OPTIMAL 1.5
693 330 OPTIMAL 0.89
696 331 OPTIMAL 0.59
700 332 OPTIMAL 1.38
702 333 OPTIMAL 0.99
704 334 OPTIMAL 0.86
705 335 OPTIMAL 0.93
712 336 OPTIMAL 2.32
713 337 OPTIMAL 1.2
715 338 OPTIMAL 0.67
720 339 OPTIMAL 2.09
721 341 OPTIMAL 21.27
728 342 OPTIMAL 2.35
731 343 OPTIMAL 4.98
732 344 OPTIMAL 1.91
736 345 OPTIMAL 2.09
737 346 OPTIMAL 2.09
738 347 OPTIMAL 1.64
740 348 OPTIMAL 2.08
741 349 OPTIMAL 1.9
744 350 OPTIMAL 2.51
747 351 OPTIMAL 2.83
748 352 OPTIMAL 2.87
749 353 OPTIMAL 1.7
750 354 OPTIMAL 1.35
752 355 OPTIMAL 2.22
756 356 OPTIMAL 1.31
759 357 OPTIMAL 1.76
762 360 OPTIMAL 23.42
767 362 OPTIMAL 18.36
768 363 OPTIMAL 4.0
770 364 OPTIMAL 1.87
775 365 OPTIMAL 1.02
777 366 OPTIMAL 1.56
780 367 OPTIMAL 1.65
781 369 OPTIMAL 16.55
782 370 OPTIMAL 2.34
783 371 OPTIMAL 2.19
784 372 OPTIMAL 1.22
790 374 OPTIMAL 14.28
792 375 OPTIMAL 1.72
795 377 OPTIMAL 6.75
799 378 OPTIMAL 1.35
800 379 OPTIMAL 1.48
803 381 OPTIMAL 14.53
804 382 OPTIMAL 1.11
806 383 OPTIMAL 1.83
808 385 OPTIMAL 8.32
810 387 OPTIMAL 9.94
814 388 OPTIMAL 1.27
817 389 OPTIMAL 0.99
819 390 OPTIMAL 0.98
820 392 OPTIMAL 8.48
825 393 OPTIMAL 1.16
826 394 OPTIMAL 0.99
828 395 OPTIMAL 2.29
830 396 OPTIMAL 1.37
833 397 OPTIMAL 1.32
836 398 OPTIMAL 0.78
840 399 OPTIMAL 1.47
846 400 OPTIMAL 2.35
847 401 OPTIMAL 0.66
850 403 OPTIMAL 14.66
851 404 OPTIMAL 1.39
852 405 OPTIMAL 2.84
854 406 OPTIMAL 2.18
855 407 OPTIMAL 1.23
858 408 OPTIMAL 2.17
860 409 OPTIMAL 0.57
864 410 OPTIMAL 0.96
868 411 OPTIMAL 0.93
870 412 OPTIMAL 1.28
871 414 OPTIMAL 12.29
872 416 OPTIMAL 11.11
873 418 OPTIMAL 10.8
874 419 OPTIMAL 2.1
880 420 OPTIMAL 1.44
882 421 OPTIMAL 1.32
884 422 OPTIMAL 0.82
888 423 OPTIMAL 3.68
890 424 OPTIMAL 1.15
896 425 OPTIMAL 2.63
899 426 OPTIMAL 6.23
900 427 OPTIMAL 3.6
901 428 OPTIMAL 5.34
902 429 OPTIMAL 5.67
903 430 OPTIMAL 1.2
904 432 OPTIMAL 31.06
909 434 OPTIMAL 13.6
910 435 OPTIMAL 5.64
912 436 OPTIMAL 3.14
915 437 OPTIMAL 4.1
917 438 OPTIMAL 4.97
918 439 OPTIMAL 3.27
920 440 OPTIMAL 7.82
924 441 OPTIMAL 5.69
925 442 OPTIMAL 1.53
928 443 OPTIMAL 2.47
930 444 OPTIMAL 5.79
935 445 OPTIMAL 2.8
936 446 OPTIMAL 2.17
938 447 OPTIMAL 1.8
940 448 OPTIMAL 1.5
943 449 OPTIMAL 1.37
945 450 OPTIMAL 3.05
946 451 OPTIMAL 1.86
948 452 OPTIMAL 1.5
949 453 OPTIMAL 7.53
950 454 OPTIMAL 2.77
954 455 OPTIMAL 5.96
960 456 OPTIMAL 1.82
962 457 OPTIMAL 5.69
963 458 OPTIMAL 4.29
968 460 OPTIMAL 24.62
972 461 OPTIMAL 2.84
975 462 OPTIMAL 2.97
976 463 OPTIMAL 2.37
979 464 OPTIMAL 5.27
984 465 OPTIMAL 6.45
986 466 OPTIMAL 8.01
987 467 OPTIMAL 3.44
988 468 OPTIMAL 5.07
990 469 OPTIMAL 5.61
992 470 OPTIMAL 1.24
994 471 OPTIMAL 3.0
996 472 OPTIMAL 1.46
999 473 OPTIMAL 3.29
